// Jest Snapshot v1, https://goo.gl/fbAQLP

exports[`Testing Account Avatar should match the default snapshot 1`] = `
<div>
  <div>
    <div
      class="MuiAvatar-root MuiAvatar-circular MuiAvatar-colorDefault css-30mkw0-MuiAvatar-root"
    >
      A
    </div>
  </div>
</div>
`;
