// Jest Snapshot v1, https://goo.gl/fbAQLP

exports[`Testing Search Bar should match the default snapshot 1`] = `
<div>
  <div>
    <div
      class="MuiFormControl-root MuiTextField-root css-1e7icfb-MuiFormControl-root-MuiTextField-root"
    >
      <div
        class="MuiInput-root MuiInput-underline MuiInputBase-root MuiInputBase-colorPrimary MuiInputBase-formControl MuiInputBase-adornedStart css-1480iag-MuiInputBase-root-MuiInput-root"
      >
        <div
          class="MuiInputAdornment-root MuiInputAdornment-positionStart MuiInputAdornment-standard MuiInputAdornment-sizeMedium css-ittuaa-MuiInputAdornment-root"
        >
          <span
            class="notranslate"
          >
            â€‹
          </span>
          <svg
            aria-hidden="true"
            class="MuiSvgIcon-root MuiSvgIcon-fontSizeMedium css-1f67d23-MuiSvgIcon-root"
            data-testid="SearchIcon"
            focusable="false"
            viewBox="0 0 24 24"
          >
            <path
              d="M15.5 14h-.79l-.28-.27C15.41 12.59 16 11.11 16 9.5 16 5.91 13.09 3 9.5 3S3 5.91 3 9.5 5.91 16 9.5 16c1.61 0 3.09-.59 4.23-1.57l.27.28v.79l5 4.99L20.49 19l-4.99-5zm-6 0C7.01 14 5 11.99 5 9.5S7.01 5 9.5 5 14 7.01 14 9.5 11.99 14 9.5 14z"
            />
          </svg>
        </div>
        <input
          aria-invalid="false"
          class="MuiInput-input MuiInputBase-input MuiInputBase-inputAdornedStart css-1x51dt5-MuiInputBase-input-MuiInput-input"
          id="mui-1"
          placeholder="Search by title or author"
          type="text"
          value=""
        />
      </div>
    </div>
  </div>
</div>
`;
