// Jest Snapshot v1, https://goo.gl/fbAQLP

exports[`Testing Book View Molecule should match the Book View snapshot 1`] = `
<div>
  <div
    class="MuiBox-root css-9jay18"
  >
    <div
      class="MuiBox-root css-cgq59l"
    >
      <div
        class="MuiBox-root css-1guwpmc"
      >
        <span
          class="MuiTypography-root MuiTypography-heading css-g6ah8q-MuiTypography-root"
        >
          Beyond Entrepreneurship
        </span>
      </div>
      <div
        class="MuiBox-root css-1guwpmc"
      >
        <span
          class="MuiTypography-root MuiTypography-subtitle3 css-g6ah8q-MuiTypography-root"
        >
          Turning Your Business into an Enduring Great Company
        </span>
      </div>
      <div
        class="MuiBox-root css-17gg857"
      >
        <p
          class="MuiTypography-root MuiTypography-body1 css-zrh9k0-MuiTypography-root"
        >
          Jim Collins & Bill Lazier
        </p>
      </div>
      <div
        class="MuiBox-root css-1dnsdzb"
      >
        <div>
          <div
            class="MuiBox-root css-70qvj9"
          >
            <svg
              aria-hidden="true"
              class="MuiSvgIcon-root MuiSvgIcon-fontSizeMedium css-2v1qra-MuiSvgIcon-root"
              focusable="false"
            >
              clockIcon.svg
            </svg>
            <span
              class="MuiTypography-root MuiTypography-caption3 css-op2c4e-MuiTypography-root"
            >
              13
              -minute read
            </span>
          </div>
        </div>
      </div>
      <div
        class="MuiBox-root css-2iqtls"
      >
        <button
          class="MuiButton-root MuiButton-outlined MuiButton-outlinedPrimary MuiButton-sizeMedium MuiButton-outlinedSizeMedium MuiButtonBase-root  css-hpr9xy-MuiButtonBase-root-MuiButton-root"
          tabindex="0"
          type="button"
        >
          Read Now
          <span
            class="MuiTouchRipple-root css-8je8zh-MuiTouchRipple-root"
          />
        </button>
        <button
          class="MuiButton-root MuiButton-contained MuiButton-containedPrimary MuiButton-sizeMedium MuiButton-containedSizeMedium MuiButtonBase-root  css-7aavsb-MuiButtonBase-root-MuiButton-root"
          tabindex="0"
          type="button"
        >
          Finished Reading
          <span
            class="MuiTouchRipple-root css-8je8zh-MuiTouchRipple-root"
          />
        </button>
        <button
          class="MuiButton-root MuiButton-text MuiButton-textPrimary MuiButton-sizeMedium MuiButton-textSizeMedium MuiButtonBase-root  css-mghlvy-MuiButtonBase-root-MuiButton-root"
          tabindex="0"
          type="button"
        >
          Send To Kindle
          <span
            class="MuiButton-endIcon MuiButton-iconSizeMedium css-9tj150-MuiButton-endIcon"
          >
            <svg
              aria-hidden="true"
              class="MuiSvgIcon-root MuiSvgIcon-fontSizeMedium css-1f67d23-MuiSvgIcon-root"
              data-testid="ArrowForwardIcon"
              focusable="false"
              viewBox="0 0 24 24"
            >
              <path
                d="m12 4-1.41 1.41L16.17 11H4v2h12.17l-5.58 5.59L12 20l8-8z"
              />
            </svg>
          </span>
          <span
            class="MuiTouchRipple-root css-8je8zh-MuiTouchRipple-root"
          />
        </button>
      </div>
    </div>
    <div
      class="MuiBox-root css-0"
    >
      <div
        class="MuiBox-root css-0"
      >
        <img
          alt="Book"
          height="302px"
          src="/assets/cover_image/Entrepreneurship.png"
          style="display: block;"
          width="302px"
        />
      </div>
    </div>
  </div>
</div>
`;
